RAM Allocation [bytes]
Variable                                                                          Address   Size
------------------------------------------------------------------------------------------------

EEPROM Allocation [bytes]
Variable                                                                          Address   Size
------------------------------------------------------------------------------------------------

Register Allocation
Variable                                                                          Register  Size
------------------------------------------------------------------------------------------------

FLASH Allocation [words]
Function                                                                          Address   Size
------------------------------------------------------------------------------------------------
IC_74914                                                                          0x000A2     49
IC_4001                                                                           0x000D3     63
IC_74832                                                                          0x00112     31
IC_4000                                                                           0x00131     91
IC_74804                                                                          0x0018C     40
IC_74874                                                                          0x001B4     84
main                                                                              0x00208     70
putchar                                                                           0x0024E      7
put_usart_G100                                                                    0x00255     14
_print_G100                                                                       0x00263    296
printf                                                                            0x0038B     39
strlen                                                                            0x003B2     12
strlenf                                                                           0x003BE     13
